---
source: src/ui.rs
expression: output
---
┌ Commands [1/1] ──────────────┐┌ Flags (1) ───────────────────────────────────┐
│▶ format — Format code        ││   [·] --style = <compact|expanded|default> — │
│                              ││                                              │
│                              ││                                              │
│                              ││                                              │
│                              ││                                              │
│                              ││                                              │
│                              ││                                              │
│                              │└──────────────────────────────────────────────┘
│                              │┌ Arguments (1) ───────────────────────────────┐
│                              ││   ● <file> = (empty)                         │
│                              ││                                              │
│                              ││                                              │
│                              ││                                              │
└──────────────────────────────┘└──────────────────────────────────────────────┘
 💡  Format code
 Enter/→: select  ↑↓: navigate  Tab: next  /: filter  T: theme  Esc: back  q: qu
┌ Command ─────────────────────────────────────────────────────────────────────┐
│ $ mycli format                                                               │
└──────────────────────────────────────────────────────────────────────────────┘
