---
source: src/ui.rs
expression: output
---
┌ Command ─────────────────────────────────────────────────────────────────────┐
│ $ mycli -vvv                                                                 │
└──────────────────────────────────────────────────────────────────────────────┘
┌ Flags ───────────────────────────────────────────────────────────────────────┐
│ ▶ [3] -v, --verbose                                       Increase verbosity │
│   ○ -q, --quiet                                                   Quiet mode │
│                                                                              │
│                                                                              │
│                                                                              │
│                                                                              │
│                                                                              │
└──────────────────────────────────────────────────────────────────────────────┘
┌ Arguments ───────────────────────────────────────────────────────────────────┐
│                                                                              │
│                                                                              │
│                                                                              │
│                                                                              │
└──────────────────────────────────────────────────────────────────────────────┘
 💡  Increase verbosity
 Enter/Space: toggle  ↑↓: navigate  Tab: next  /: filter  Ctrl+R: run  T: theme
