---
source: src/ui.rs
expression: output
---
┌ Commands (/pl) [4/8 matched] ────────┐┌ Flags (6) ───────────────────────────────────────────────┐
│  init — Initialize a new project     ││   [·] --tag = <tag> — Docker image tag                   │
│  ▶ config — Manage configuration     ││   ○ --rollback — Rollback to previous version            │
│  run — Run a task                    ││   ○ --skip-tests — Skip running tests before deploy      │
│▶ deploy — Deploy the application     ││   ○ -y, --yes — Skip confirmation prompt                 │
│  ▶ plugin — Manage plugins           ││   [0] -v, --verbose [G] — Enable verbose logging         │
│  version — Print the CLI version     ││   ○ -q, --quiet [G] — Enable quiet mode                  │
│  help — Print help information       ││                                                          │
│                                      ││                                                          │
│                                      ││                                                          │
│                                      │└──────────────────────────────────────────────────────────┘
│                                      │┌ Arguments (1) ───────────────────────────────────────────┐
│                                      ││   ● <environment> = <dev|staging|prod>                   │
│                                      ││                                                          │
│                                      ││                                                          │
│                                      ││                                                          │
│                                      ││                                                          │
│                                      ││                                                          │
└──────────────────────────────────────┘└──────────────────────────────────────────────────────────┘
 💡  Deploy the application
 Enter: apply  Esc: clear  ↑↓: navigate [Dracula]
┌ Command ─────────────────────────────────────────────────────────────────────────────────────────┐
│ $ mycli deploy                                                                                   │
└──────────────────────────────────────────────────────────────────────────────────────────────────┘
