---
source: src/ui.rs
expression: output
---
┌ Command ─────────────────────────────────────────────────────────────────────┐
│ $ mycli -vvv                                                                 │
└──────────────────────────────────────────────────────────────────────────────┘
┌ Flags ───────────────────────────────────────────────────────────────────────┐
│ ▶ [3] -v, --verbose                                        Increase verbosity│
│   ○ -q, --quiet                                                    Quiet mode│
│                                                                              │
│                                                                              │
│                                                                              │
│                                                                              │
│                                                                              │
│                                                                              │
└──────────────────────────────────────────────────────────────────────────────┘
┌ Arguments ───────────────────────────────────────────────────────────────────┐
│                                                                              │
│                                                                              │
│                                                                              │
│                                                                              │
└──────────────────────────────────────────────────────────────────────────────┘
 Enter/Space: toggle  ↑↓: navigate  Tab: next  /: filter  Ctrl+R: run  q: quitT:
