---
source: src/ui.rs
expression: output
---
┌ Command ─────────────────────────────────────────────────────────────────────┐
│ $ mytool                                                                     │
└──────────────────────────────────────────────────────────────────────────────┘
┌ Flags ───────────────────────────────────────────────────────────────────────┐
│ ▶ ○ -v, --verbose                                              Verbose output│
│   ○ -f, --force                                               Force operation│
│   ○ --dry-run                                          Show what would happen│
│                                                                              │
│                                                                              │
│                                                                              │
│                                                                              │
│                                                                              │
└──────────────────────────────────────────────────────────────────────────────┘
┌ Arguments ───────────────────────────────────────────────────────────────────┐
│   ● <input> = (empty)                                              Input file│
│   ○ [output] = (empty)                                            Output file│
│                                                                              │
│                                                                              │
└──────────────────────────────────────────────────────────────────────────────┘
 Enter/Space: toggle  ↑↓: navigate  Tab: next  /: filter  Ctrl+R: run  q: quitT:
