---
source: src/ui.rs
expression: output
---
┌ Commands ────────────────────────────┐┌ Flags ───────────────────────────────────────────────────┐
│ init — Initialize a new project      ││   ○ -f, --force — Force reinstall                        │
│ config — Manage configuration        ││   [0] -v, --verbose [G] — Enable verbose logging         │
│   set (add) — Set a config value     ││   ○ -q, --quiet [G] — Enable quiet mode                  │
│   get — Get a config value           ││                                                          │
│   list (ls) — List all config values ││                                                          │
│   remove (rm) — Remove a config value││                                                          │
│ run — Run a task                     ││                                                          │
│ deploy — Deploy the application      ││                                                          │
│ plugin — Manage plugins              ││                                                          │
│▶  install (i) — Install a plugin     │└──────────────────────────────────────────────────────────┘
│   uninstall (rm) — Uninstall a plugin│┌ Arguments ───────────────────────────────────────────────┐
│   list (ls) — List installed plugins ││   ● <name> = (empty)                                     │
│   update — Update plugins            ││   ○ [version] = (empty)                                  │
│ version — Print the CLI version      ││                                                          │
│ help — Print help information        ││                                                          │
│                                      ││                                                          │
│                                      ││                                                          │
└──────────────────────────────────────┘└──────────────────────────────────────────────────────────┘
 💡  Install a plugin
 Enter/→: select  ↑↓: navigate  Tab: next  /: filter  T: theme  Esc: back  q: quit [Dracula]
┌ Command ─────────────────────────────────────────────────────────────────────────────────────────┐
│ $ mycli plugin install                                                                           │
└──────────────────────────────────────────────────────────────────────────────────────────────────┘
