---
source: src/ui.rs
expression: output
---
simple
┌ Flags [1/1] ─────────────────────────────────────────────────────────────────┐
│ ▸ [·] -o, --output = <path> — Output path                                    │
│                                                                              │
│                                                                              │
│                                                                              │
│                                                                              │
│                                                                              │
└──────────────────────────────────────────────────────────────────────────────┘
┌ Arguments (1) ───────────────────────────────────────────────────────────────┐
│   ● <file> = (empty)                                                         │
│                                                                              │
│                                                                              │
│                                                                              │
└──────────────────────────────────────────────────────────────────────────────┘
 💡  Output path
 Enter/Space: toggle  ↑↓: navigate  Tab: next  /: filter  T: theme  q: quit [Dra
┌ Command ─────────────────────────────────────────────────────────────────────┐
│ $ simple                                                                     │
└──────────────────────────────────────────────────────────────────────────────┘
