---
source: src/ui.rs
expression: output
---
┌ Commands (7) ────────────────────────┐┌ Flags (/roll) [1/1] ─────────────────────────────────────┐
│  init — Initialize a new project     ││ ▶ ○ --rollback — Rollback to previous version            │
│  ▶ config — Manage configuration     ││                                                          │
│  run — Run a task                    ││                                                          │
│▶ deploy — Deploy the application     ││                                                          │
│  ▶ plugin — Manage plugins           ││                                                          │
│  version — Print the CLI version     ││                                                          │
│  help — Print help information       ││                                                          │
│                                      ││                                                          │
│                                      ││                                                          │
│                                      │└──────────────────────────────────────────────────────────┘
│                                      │┌ Arguments (1) ───────────────────────────────────────────┐
│                                      ││   ● <environment> = <dev|staging|prod>                   │
│                                      ││                                                          │
│                                      ││                                                          │
│                                      ││                                                          │
│                                      ││                                                          │
│                                      ││                                                          │
└──────────────────────────────────────┘└──────────────────────────────────────────────────────────┘
 💡  Rollback to previous version
 Enter: apply  Esc: clear  ↑↓: navigate [Dracula]
┌ Command ─────────────────────────────────────────────────────────────────────────────────────────┐
│ $ mycli deploy                                                                                   │
└──────────────────────────────────────────────────────────────────────────────────────────────────┘
