---
source: src/ui.rs
expression: output
---
┌ Command ─────────────────────────────────────────────────────────────────────┐
│ $ simple                                                                     │
└──────────────────────────────────────────────────────────────────────────────┘
┌ Flags ───────────────────────────────────────────────────────────────────────┐
│ ▶ [·] -o, --output = <path>                                      Output path │
│                                                                              │
│                                                                              │
│                                                                              │
│                                                                              │
│                                                                              │
│                                                                              │
│                                                                              │
└──────────────────────────────────────────────────────────────────────────────┘
┌ Arguments ───────────────────────────────────────────────────────────────────┐
│   ● <file> = (empty)                                           File to proce │
│                                                                              │
│                                                                              │
│                                                                              │
└──────────────────────────────────────────────────────────────────────────────┘
 Enter/Space: toggle  ↑↓: navigate  Tab: next  /: filter  Ctrl+R: run  q: quitT:
