---
source: src/ui.rs
expression: output
---
┌ Command ─────────────────────────────────────────────────────────────────────┐
│ $ mycli format                                                               │
└──────────────────────────────────────────────────────────────────────────────┘
┌ Commands ────────────────────┐┌ Flags ───────────────────────────────────────┐
│▶ format           Format code││  [·] --style = <compact|expanded|default>    │
│                              ││                                              │
│                              ││                                              │
│                              ││                                              │
│                              ││                                              │
│                              ││                                              │
│                              ││                                              │
│                              ││                                              │
│                              │└──────────────────────────────────────────────┘
│                              │┌ Arguments ───────────────────────────────────┐
│                              ││  ● <file> = (empty)            File to format│
│                              ││                                              │
│                              ││                                              │
│                              ││                                              │
└──────────────────────────────┘└──────────────────────────────────────────────┘
 ↑↓: navigate  ⇥: next  /: filter  ^r: run  q: quit                T: [Dracula]
